identifier a::a::a 1:1
identifier a 1:9
lvalue binary operator = 1:11
numeric literal 0 1:13
semicolon ; 1:14
identifier a 2:1
identifier a 2:3
lvalue binary operator = 2:5
numeric literal 0 2:7
semicolon ; 2:8
