float literal 6.6 1:1
float literal 7.0 2:1
exponential literal 4e3 3:1
another 4er 4:1
another 4e 5:1
string literal eee 6:1
another 5. 7:1
char literal g 8:1
another h"ddd 9:1
string literal  10:1
