reserved word int 0:0
identifier main 0:4
open parenthesis ( 0:8
close parenthesis ) 0:9
open curly brace { 0:11
reserved word int 1:4
identifier a 1:8
lvalue binary operator = 1:10
numeric literal 0 1:12
semicolon ; 1:13
close curly brace } 2:0
