identifier a 1:1
less than < 1:3
identifier b 1:5
identifier a 2:1
plus or minus operator + 2:3
identifier b 2:5
identifier a 3:1
greater than > 3:3
identifier b 3:5
identifier a 4:1
plus or minus operator - 4:3
identifier b 4:5
identifier a 5:1
dot . 5:2
identifier b 5:3
semicolon ; 5:4
